
-----------------------------   Welcome to ....   ------------------------------
                      _______  _______ _______ _______ 
                     |   _   \|   _   |   _   |   _   |
                     |.  1   /|.  |   |   1___|   1___|
                     |.  _   \|.  |   |____   |____   |
                     |:  1    |:  1   |:  1   |:  1   |
                     |::.. .  |::.. . |::.. . |::.. . |
                     `-------'`-------`-------`-------'

                                 Version 1.15.1                                 
                              07-08-2026 11:17:34                               
--------------------------------------------------------------------------------


--------------------------------------------------------------------------------
                               SIMULATION OPTIONS                               
--------------------------------------------------------------------------------
|| File input/output 
ipfile         boss.in
userfn         /tmp/ipykernel_1198356/1908713118.py func
outfile        boss.out
rstfile        boss.rst

|| Key settings 
bounds         0.000E+00 3.600E+02;    0.000E+00 3.600E+02;    0.000E+00 3.600E+02;    0.000E+00 5.000E-01;    0.000E+00 5.000E-01;    2.000E+00 3.000E+00
kerntype       stdp stdp stdp stdp stdp rbf
periods       3.600E+02 3.600E+02 3.600E+02 5.000E-01 5.000E-01 1.000E+00
yrange         none
noise          1.000E-12
inittype       sobol
initpts   10    iterpts   10
convtype         none

|| Data acquisition 
acqfn                exploit
acqtol               1.000E-03

|| GP hyperparameters 
thetainit      none
thetabounds     none
thetaprior      gamma
thetapriorpar   none

|| Hyperparameter optimization
optimtype      score
noise_optim      False
updatefreq   1  initupdate      True
updateoffset 0  updaterestarts  2


|| Miscellaneous

|| Postprocessing
pp_iters          = None (all iterations will be used if postprocessing is called)
pp_models         = False
pp_acq_funcs      = False
pp_truef_npts     = none
pp_model_slice        = 1 2 25
pp_truef_at_glmins = False
pp_local_minima   = none


--------------------------------------------------------------------------------
                              INITIAL DATAPOINT 1                               
--------------------------------------------------------------------------------
| Evaluating objective function at x = 1.800E+02 1.800E+02 1.800E+02 5.000E-01 0.000E+00 2.000E+00
| Evaluating objective function at x = 1.800E+02 1.800E+02 2.700E+02 5.000E-01 5.000E-01 2.000E+00
| Evaluating objective function at x = 1.800E+02 1.800E+02 -0.000E+00 0.000E+00 5.000E-01 2.000E+00
| Evaluating objective function at x = 1.800E+02 1.800E+02 2.700E+02 0.000E+00 0.000E+00 2.000E+00
| Objective function evaluated, time [s] 0.351301908493042
| Data point added to dataset (x y): 
  1.8000000000E+02  1.8000000000E+02  1.8000000000E+02  5.0000000000E-01  0.0000000000E+00  2.0000000000E+00       2.2064891627E+00
  1.8000000000E+02  1.8000000000E+02  2.7000000000E+02  5.0000000000E-01  5.0000000000E-01  2.0000000000E+00       2.2064891627E+00
  1.8000000000E+02  1.8000000000E+02 -0.0000000000E+00  0.0000000000E+00  5.0000000000E-01  2.0000000000E+00       2.2064891627E+00
  1.8000000000E+02  1.8000000000E+02  2.7000000000E+02  0.0000000000E+00  0.0000000000E+00  2.0000000000E+00       2.2064891627E+00

| Total ensemble size: 4

Iteration time [s]:    0.352        Total time [s]:    4.041

--------------------------------------------------------------------------------
                              INITIAL DATAPOINT 2                               
--------------------------------------------------------------------------------
| Evaluating objective function at x = 1.800E+02 1.800E+02 0.000E+00 2.500E-01 2.500E-01 2.500E+00
| Evaluating objective function at x = 3.600E+02 3.600E+02 0.000E+00 2.500E-01 2.500E-01 2.500E+00
| Evaluating objective function at x = 3.600E+02 3.600E+02 9.000E+01 2.500E-01 2.500E-01 2.500E+00
| Evaluating objective function at x = 1.800E+02 1.800E+02 2.700E+02 2.500E-01 2.500E-01 2.500E+00
| Objective function evaluated, time [s] 0.18359851837158203
| Data point added to dataset (x y): 
  1.8000000000E+02  1.8000000000E+02  0.0000000000E+00  2.5000000000E-01  2.5000000000E-01  2.5000000000E+00       1.0487160587E+00
  3.6000000000E+02  3.6000000000E+02  0.0000000000E+00  2.5000000000E-01  2.5000000000E-01  2.5000000000E+00       1.0487160587E+00
  3.6000000000E+02  3.6000000000E+02  9.0000000000E+01  2.5000000000E-01  2.5000000000E-01  2.5000000000E+00       1.0487160587E+00
  1.8000000000E+02  1.8000000000E+02  2.7000000000E+02  2.5000000000E-01  2.5000000000E-01  2.5000000000E+00       1.0487160587E+00

| Total ensemble size: 8

Iteration time [s]:    0.184        Total time [s]:    4.225

--------------------------------------------------------------------------------
                              INITIAL DATAPOINT 3                               
--------------------------------------------------------------------------------
| Evaluating objective function at x = 9.000E+01 2.700E+02 0.000E+00 1.250E-01 1.250E-01 2.750E+00
| Evaluating objective function at x = 1.800E+02 2.700E+02 0.000E+00 3.750E-01 3.750E-01 2.750E+00
| Evaluating objective function at x = 2.700E+02 9.000E+01 0.000E+00 1.250E-01 3.750E-01 2.750E+00
| Evaluating objective function at x = 9.000E+01 2.700E+02 0.000E+00 3.750E-01 1.250E-01 2.750E+00
| Objective function evaluated, time [s] 0.1688075065612793
| Data point added to dataset (x y): 
  9.0000000000E+01  2.7000000000E+02  0.0000000000E+00  1.2500000000E-01  1.2500000000E-01  2.7500000000E+00      -1.2491181864E-02
  1.8000000000E+02  2.7000000000E+02  0.0000000000E+00  3.7500000000E-01  3.7500000000E-01  2.7500000000E+00      -1.2491181864E-02
  2.7000000000E+02  9.0000000000E+01  0.0000000000E+00  1.2500000000E-01  3.7500000000E-01  2.7500000000E+00      -1.2491181864E-02
  9.0000000000E+01  2.7000000000E+02  0.0000000000E+00  3.7500000000E-01  1.2500000000E-01  2.7500000000E+00      -1.2491181864E-02

| Total ensemble size: 12

Iteration time [s]:    0.169        Total time [s]:    4.394

--------------------------------------------------------------------------------
                              INITIAL DATAPOINT 4                               
--------------------------------------------------------------------------------
| Evaluating objective function at x = 9.000E+01 9.000E+01 0.000E+00 3.750E-01 3.750E-01 2.250E+00
| Evaluating objective function at x = 3.600E+02 9.000E+01 0.000E+00 1.250E-01 1.250E-01 2.250E+00
| Evaluating objective function at x = 2.700E+02 2.700E+02 0.000E+00 3.750E-01 1.250E-01 2.250E+00
| Evaluating objective function at x = 9.000E+01 9.000E+01 0.000E+00 1.250E-01 3.750E-01 2.250E+00
| Objective function evaluated, time [s] 0.16869521141052246
| Data point added to dataset (x y): 
  9.0000000000E+01  9.0000000000E+01  0.0000000000E+00  3.7500000000E-01  3.7500000000E-01  2.2500000000E+00       8.6282930159E-01
  3.6000000000E+02  9.0000000000E+01  0.0000000000E+00  1.2500000000E-01  1.2500000000E-01  2.2500000000E+00       8.6282930159E-01
  2.7000000000E+02  2.7000000000E+02  0.0000000000E+00  3.7500000000E-01  1.2500000000E-01  2.2500000000E+00       8.6282930159E-01
  9.0000000000E+01  9.0000000000E+01  0.0000000000E+00  1.2500000000E-01  3.7500000000E-01  2.2500000000E+00       8.6282930159E-01

| Total ensemble size: 16

Iteration time [s]:    0.169        Total time [s]:    4.563

--------------------------------------------------------------------------------
                              INITIAL DATAPOINT 5                               
--------------------------------------------------------------------------------
| Evaluating objective function at x = 3.150E+02 3.150E+02 3.150E+02 6.250E-02 1.875E-01 2.125E+00
| Evaluating objective function at x = 4.500E+01 4.500E+01 3.150E+02 4.375E-01 3.125E-01 2.125E+00
| Evaluating objective function at x = 1.350E+02 1.350E+02 2.250E+02 4.375E-01 1.875E-01 2.125E+00
| Evaluating objective function at x = 1.350E+02 1.350E+02 1.350E+02 1.875E-01 6.250E-02 2.125E+00
| Objective function evaluated, time [s] 0.18402862548828125
| Data point added to dataset (x y): 
  3.1500000000E+02  3.1500000000E+02  3.1500000000E+02  6.2500000000E-02  1.8750000000E-01  2.1250000000E+00       1.5937141412E+00
  4.5000000000E+01  4.5000000000E+01  3.1500000000E+02  4.3750000000E-01  3.1250000000E-01  2.1250000000E+00       1.5937141412E+00
  1.3500000000E+02  1.3500000000E+02  2.2500000000E+02  4.3750000000E-01  1.8750000000E-01  2.1250000000E+00       1.5937141412E+00
  1.3500000000E+02  1.3500000000E+02  1.3500000000E+02  1.8750000000E-01  6.2500000000E-02  2.1250000000E+00       1.5937141412E+00

| Total ensemble size: 20

Iteration time [s]:    0.185        Total time [s]:    4.748

--------------------------------------------------------------------------------
                              INITIAL DATAPOINT 6                               
--------------------------------------------------------------------------------
| Evaluating objective function at x = 3.150E+02 4.500E+01 3.150E+02 3.125E-01 4.375E-01 2.625E+00
| Evaluating objective function at x = 4.500E+01 3.150E+02 3.150E+02 1.875E-01 6.250E-02 2.625E+00
| Evaluating objective function at x = 1.350E+02 2.250E+02 2.250E+02 1.875E-01 4.375E-01 2.625E+00
| Evaluating objective function at x = 1.350E+02 2.250E+02 1.350E+02 4.375E-01 3.125E-01 2.625E+00
| Objective function evaluated, time [s] 0.2016303539276123
| Data point added to dataset (x y): 
  3.1500000000E+02  4.5000000000E+01  3.1500000000E+02  3.1250000000E-01  4.3750000000E-01  2.6250000000E+00       7.3230538310E-01
  4.5000000000E+01  3.1500000000E+02  3.1500000000E+02  1.8750000000E-01  6.2500000000E-02  2.6250000000E+00       7.3230538310E-01
  1.3500000000E+02  2.2500000000E+02  2.2500000000E+02  1.8750000000E-01  4.3750000000E-01  2.6250000000E+00       7.3230538310E-01
  1.3500000000E+02  2.2500000000E+02  1.3500000000E+02  4.3750000000E-01  3.1250000000E-01  2.6250000000E+00       7.3230538310E-01

| Total ensemble size: 24

Iteration time [s]:    0.202        Total time [s]:    4.950

--------------------------------------------------------------------------------
                              INITIAL DATAPOINT 7                               
--------------------------------------------------------------------------------
| Evaluating objective function at x = 3.150E+02 2.250E+02 4.500E+01 1.875E-01 3.125E-01 2.875E+00
| Evaluating objective function at x = 4.500E+01 1.350E+02 4.500E+01 3.125E-01 1.875E-01 2.875E+00
| Evaluating objective function at x = 1.350E+02 4.500E+01 1.350E+02 3.125E-01 3.125E-01 2.875E+00
| Evaluating objective function at x = 1.350E+02 3.150E+02 3.150E+02 1.875E-01 1.875E-01 2.875E+00
| Objective function evaluated, time [s] 0.20124506950378418
| Data point added to dataset (x y): 
  3.1500000000E+02  2.2500000000E+02  4.5000000000E+01  1.8750000000E-01  3.1250000000E-01  2.8750000000E+00      -3.9304231557E-02
  4.5000000000E+01  1.3500000000E+02  4.5000000000E+01  3.1250000000E-01  1.8750000000E-01  2.8750000000E+00      -3.9304231557E-02
  1.3500000000E+02  4.5000000000E+01  1.3500000000E+02  3.1250000000E-01  3.1250000000E-01  2.8750000000E+00      -3.9304231557E-02
  1.3500000000E+02  3.1500000000E+02  3.1500000000E+02  1.8750000000E-01  1.8750000000E-01  2.8750000000E+00      -3.9304231557E-02

| Total ensemble size: 28

Iteration time [s]:    0.202        Total time [s]:    5.152

--------------------------------------------------------------------------------
                              INITIAL DATAPOINT 8                               
--------------------------------------------------------------------------------
| Evaluating objective function at x = 3.150E+02 1.350E+02 4.500E+01 4.375E-01 6.250E-02 2.375E+00
| Evaluating objective function at x = 4.500E+01 2.250E+02 4.500E+01 6.250E-02 4.375E-01 2.375E+00
| Evaluating objective function at x = 1.350E+02 3.150E+02 1.350E+02 6.250E-02 6.250E-02 2.375E+00
| Evaluating objective function at x = 1.350E+02 4.500E+01 3.150E+02 4.375E-01 4.375E-01 2.375E+00
| Objective function evaluated, time [s] 0.1874253749847412
| Data point added to dataset (x y): 
  3.1500000000E+02  1.3500000000E+02  4.5000000000E+01  4.3750000000E-01  6.2500000000E-02  2.3750000000E+00       4.7334701396E-01
  4.5000000000E+01  2.2500000000E+02  4.5000000000E+01  6.2500000000E-02  4.3750000000E-01  2.3750000000E+00       4.7334701396E-01
  1.3500000000E+02  3.1500000000E+02  1.3500000000E+02  6.2500000000E-02  6.2500000000E-02  2.3750000000E+00       4.7334701396E-01
  1.3500000000E+02  4.5000000000E+01  3.1500000000E+02  4.3750000000E-01  4.3750000000E-01  2.3750000000E+00       4.7334701396E-01

| Total ensemble size: 32

Iteration time [s]:    0.188        Total time [s]:    5.340

--------------------------------------------------------------------------------
                              INITIAL DATAPOINT 9                               
--------------------------------------------------------------------------------
| Evaluating objective function at x = 2.925E+02 1.125E+02 2.925E+02 2.188E-01 2.812E-01 2.312E+00
| Evaluating objective function at x = 6.750E+01 1.125E+02 2.475E+02 2.812E-01 2.812E-01 2.312E+00
| Evaluating objective function at x = 1.125E+02 6.750E+01 2.025E+02 2.188E-01 2.188E-01 2.312E+00
| Evaluating objective function at x = 1.125E+02 2.925E+02 1.575E+02 2.812E-01 2.188E-01 2.312E+00
| Objective function evaluated, time [s] 0.18532371520996094
| Data point added to dataset (x y): 
  2.9250000000E+02  1.1250000000E+02  2.9250000000E+02  2.1875000000E-01  2.8125000000E-01  2.3125000000E+00       4.5146804394E-01
  6.7500000000E+01  1.1250000000E+02  2.4750000000E+02  2.8125000000E-01  2.8125000000E-01  2.3125000000E+00       4.5146804394E-01
  1.1250000000E+02  6.7500000000E+01  2.0250000000E+02  2.1875000000E-01  2.1875000000E-01  2.3125000000E+00       4.5146804394E-01
  1.1250000000E+02  2.9250000000E+02  1.5750000000E+02  2.8125000000E-01  2.1875000000E-01  2.3125000000E+00       4.5146804394E-01

| Total ensemble size: 36

Iteration time [s]:    0.186        Total time [s]:    5.526

--------------------------------------------------------------------------------
                              INITIAL DATAPOINT 10                              
--------------------------------------------------------------------------------
| Evaluating objective function at x = 2.925E+02 2.475E+02 2.925E+02 4.688E-01 3.125E-02 2.812E+00
| Evaluating objective function at x = 6.750E+01 2.475E+02 2.475E+02 3.125E-02 3.125E-02 2.812E+00
| Evaluating objective function at x = 1.125E+02 2.925E+02 2.025E+02 4.688E-01 4.688E-01 2.812E+00
| Evaluating objective function at x = 1.125E+02 6.750E+01 1.575E+02 3.125E-02 4.688E-01 2.812E+00
| Objective function evaluated, time [s] 0.18495631217956543
| Data point added to dataset (x y): 
  2.9250000000E+02  2.4750000000E+02  2.9250000000E+02  4.6875000000E-01  3.1250000000E-02  2.8125000000E+00      -8.1971466030E-03
  6.7500000000E+01  2.4750000000E+02  2.4750000000E+02  3.1250000000E-02  3.1250000000E-02  2.8125000000E+00      -8.1971466030E-03
  1.1250000000E+02  2.9250000000E+02  2.0250000000E+02  4.6875000000E-01  4.6875000000E-01  2.8125000000E+00      -8.1971466030E-03
  1.1250000000E+02  6.7500000000E+01  1.5750000000E+02  3.1250000000E-02  4.6875000000E-01  2.8125000000E+00      -8.1971466030E-03

| Total ensemble size: 40
| Best acquisition, x_best y_best:
  3.1500000000E+02  2.2500000000E+02  4.5000000000E+01  1.8750000000E-01  3.1250000000E-01  2.8750000000E+00      -3.9304231557E-02
| Global minimum prediction, x_glmin mu_glmin +- nu_glmin:
  1.2053486634E+02  2.8283305698E+02  3.3720425231E+02  4.6793450452E-01  5.0000000000E-01  2.8346973098E+00      -1.0953810083E-01  9.6441821764E-02

| GP model hyperparameters:
  2.5583252029E-01  5.9987538538E-01  5.7036754812E-01  1.1230410013E+00  9.1704030472E-01  8.9823456879E-01  3.6124433010E-01
| Next sampling location x_next:
  1.2196709002E+02  2.8388647685E+02  0.0000000000E+00  4.6472798064E-01  5.0000000000E-01  2.8305867461E+00

Iteration time [s]:    3.985        Total time [s]:    9.511

--------------------------------------------------------------------------------
                                 BO ITERATION 1                                 
--------------------------------------------------------------------------------
| Evaluating objective function at x = 3.020E+02 2.561E+02 3.600E+02 3.527E-02 0.000E+00 2.831E+00
| Evaluating objective function at x = 5.803E+01 2.561E+02 1.800E+02 4.647E-01 5.000E-01 2.831E+00
| Evaluating objective function at x = 5.803E+01 1.039E+02 9.000E+01 0.000E+00 4.647E-01 2.831E+00
| Evaluating objective function at x = 1.220E+02 2.839E+02 2.700E+02 0.000E+00 3.527E-02 2.831E+00
| Objective function evaluated, time [s] 0.16477131843566895
| Data point added to dataset (x y): 
  3.0196700000E+02  2.5611400000E+02  3.6000000000E+02  3.5272019361E-02  0.0000000000E+00  2.8305867461E+00      -2.4859973846E-02
  5.8033000000E+01  2.5611400000E+02  1.8000000000E+02  4.6472798064E-01  5.0000000000E-01  2.8305867461E+00      -2.4859973846E-02
  5.8033000000E+01  1.0388600000E+02  9.0000000000E+01  0.0000000000E+00  4.6472798064E-01  2.8305867461E+00      -2.4859973846E-02
  1.2196700000E+02  2.8388600000E+02  2.7000000000E+02  0.0000000000E+00  3.5272019361E-02  2.8305867461E+00      -2.4859973846E-02

| Total ensemble size: 44
| Best acquisition, x_best y_best:
  3.1500000000E+02  2.2500000000E+02  4.5000000000E+01  1.8750000000E-01  3.1250000000E-01  2.8750000000E+00      -3.9304231557E-02
| Global minimum prediction, x_glmin mu_glmin +- nu_glmin:
  1.1369496787E+02  2.6514509699E+02  1.9247535718E+01  2.9365296978E-01  2.3021570545E-01  2.8245732869E+00      -1.6147938380E-01  2.7652845527E-02
| Global minimum convergence, dx_glmin dmu_glmin:
  3.1852193806E+02  2.3128255297E-02

| GP model hyperparameters:
  1.3240742352E-01  1.2182305776E+00  1.2028351630E+00  1.4602868248E+00  1.2038980623E+00  1.1951204602E+00  1.3082186218E-01
| Next sampling location x_next:
  1.1196895677E+02  2.6430006100E+02  2.5421022220E+01  2.9365852012E-01  2.2934224544E-01  2.8248553601E+00

Iteration time [s]:    3.877        Total time [s]:   13.400

--------------------------------------------------------------------------------
                                 BO ITERATION 2                                 
--------------------------------------------------------------------------------
| Evaluating objective function at x = 2.920E+02 8.430E+01 1.546E+02 2.063E-01 2.293E-01 2.825E+00
| Evaluating objective function at x = 6.803E+01 2.757E+02 1.546E+02 2.937E-01 2.707E-01 2.825E+00
| Evaluating objective function at x = 1.120E+02 2.643E+02 2.542E+01 2.937E-01 2.293E-01 2.825E+00
| Evaluating objective function at x = 1.120E+02 2.643E+02 2.954E+02 2.293E-01 2.063E-01 2.825E+00
| Objective function evaluated, time [s] 0.16019654273986816
| Data point added to dataset (x y): 
  2.9196900000E+02  8.4300000000E+01  1.5457900000E+02  2.0634147988E-01  2.2934224544E-01  2.8248553601E+00       3.4462414794E-02
  6.8031000000E+01  2.7570000000E+02  1.5457900000E+02  2.9365852012E-01  2.7065775456E-01  2.8248553601E+00       3.4462414794E-02
  1.1196900000E+02  2.6430000000E+02  2.5421000000E+01  2.9365852012E-01  2.2934224544E-01  2.8248553601E+00       3.4462414794E-02
  1.1196900000E+02  2.6430000000E+02  2.9542100000E+02  2.2934224544E-01  2.0634147988E-01  2.8248553601E+00       3.4462414794E-02

| Total ensemble size: 48
| Best acquisition, x_best y_best:
  3.1500000000E+02  2.2500000000E+02  4.5000000000E+01  1.8750000000E-01  3.1250000000E-01  2.8750000000E+00      -3.9304231557E-02
| Global minimum prediction, x_glmin mu_glmin +- nu_glmin:
  2.0079533757E+02  3.7940845085E+01  8.9873444179E+00  1.3422716548E-01  3.6279045298E-01  2.8216232714E+00      -1.4499695852E-01  2.9828925799E-02
| Global minimum convergence, dx_glmin dmu_glmin:
  2.4354375585E+02  7.3392438131E-03

| GP model hyperparameters:
  1.2588042875E-01  1.2626880321E+00  1.2547074793E+00  1.5437863304E+00  1.2294045821E+00  1.2229238471E+00  1.3332622483E-01
| Next sampling location x_next:
  1.8641532875E+02  8.5400483696E+00  3.5234110460E+02  1.3154828475E-01  3.6256486062E-01  2.8221644610E+00

Iteration time [s]:    3.193        Total time [s]:   16.593

--------------------------------------------------------------------------------
                                 BO ITERATION 3                                 
--------------------------------------------------------------------------------
| Evaluating objective function at x = 1.864E+02 3.515E+02 7.659E+00 3.685E-01 3.626E-01 2.822E+00
| Evaluating objective function at x = 1.736E+02 8.540E+00 7.659E+00 1.315E-01 1.374E-01 2.822E+00
| Evaluating objective function at x = 6.415E+00 1.715E+02 1.723E+02 1.315E-01 3.626E-01 2.822E+00
| Evaluating objective function at x = 6.415E+00 1.715E+02 8.234E+01 3.626E-01 3.685E-01 2.822E+00
| Objective function evaluated, time [s] 0.21294951438903809
| Data point added to dataset (x y): 
  1.8641500000E+02  3.5146000000E+02  7.6590000000E+00  3.6845171525E-01  3.6256486062E-01  2.8221644610E+00      -1.4399443671E-01
  1.7358500000E+02  8.5400000000E+00  7.6590000000E+00  1.3154828475E-01  1.3743513938E-01  2.8221644610E+00      -1.4399443671E-01
  6.4150000000E+00  1.7146000000E+02  1.7234100000E+02  1.3154828475E-01  3.6256486062E-01  2.8221644610E+00      -1.4399443671E-01
  6.4150000000E+00  1.7146000000E+02  8.2341000000E+01  3.6256486062E-01  3.6845171525E-01  2.8221644610E+00      -1.4399443671E-01

| Total ensemble size: 52
| Best acquisition, x_best y_best:
  1.8641500000E+02  3.5146000000E+02  7.6590000000E+00  3.6845171525E-01  3.6256486062E-01  2.8221644610E+00      -1.4399443671E-01
| Global minimum prediction, x_glmin mu_glmin +- nu_glmin:
  1.7216778901E+02  1.2829631088E+01  1.8928337272E+01  1.2662794633E-01  3.7017827550E-01  2.8246909042E+00      -1.6037999231E-01  2.0169199913E-02
| Global minimum convergence, dx_glmin dmu_glmin:
  3.9356486953E+01  6.5446250268E-03

| GP model hyperparameters:
  1.1851762219E-01  1.3611882089E+00  1.3670941201E+00  1.6417751863E+00  1.2967171436E+00  1.2757938234E+00  1.3664549813E-01
| Next sampling location x_next:
  3.5936425136E+02  1.5085304361E+02  1.0670069796E+02  1.4622482743E-01  3.6696899188E-01  2.8317905287E+00

Iteration time [s]:    3.515        Total time [s]:   20.107

--------------------------------------------------------------------------------
                                 BO ITERATION 4                                 
--------------------------------------------------------------------------------
| Evaluating objective function at x = 1.794E+02 3.309E+02 7.330E+01 3.538E-01 3.670E-01 2.832E+00
| Evaluating objective function at x = 1.806E+02 2.915E+01 7.330E+01 1.462E-01 1.330E-01 2.832E+00
| Evaluating objective function at x = 3.594E+02 1.509E+02 1.067E+02 1.462E-01 3.670E-01 2.832E+00
| Evaluating objective function at x = 3.594E+02 1.509E+02 1.670E+01 3.670E-01 3.538E-01 2.832E+00
| Objective function evaluated, time [s] 0.14358186721801758
| Data point added to dataset (x y): 
  1.7936400000E+02  3.3085300000E+02  7.3299000000E+01  3.5377517257E-01  3.6696899188E-01  2.8317905287E+00      -1.3109084394E-01
  1.8063600000E+02  2.9147000000E+01  7.3299000000E+01  1.4622482743E-01  1.3303100812E-01  2.8317905287E+00      -1.3109084394E-01
  3.5936400000E+02  1.5085300000E+02  1.0670100000E+02  1.4622482743E-01  3.6696899188E-01  2.8317905287E+00      -1.3109084394E-01
  3.5936400000E+02  1.5085300000E+02  1.6701000000E+01  3.6696899188E-01  3.5377517257E-01  2.8317905287E+00      -1.3109084394E-01

| Total ensemble size: 56
| Best acquisition, x_best y_best:
  1.8641500000E+02  3.5146000000E+02  7.6590000000E+00  3.6845171525E-01  3.6256486062E-01  2.8221644610E+00      -1.4399443671E-01
| Global minimum prediction, x_glmin mu_glmin +- nu_glmin:
  1.9904974574E+02  3.5083142973E+02  3.3318752166E+01  3.8027624423E-01  3.9910307784E-01  2.8225461314E+00      -1.5939994858E-01  2.0735059692E-03
| Global minimum convergence, dx_glmin dmu_glmin:
  3.3937443142E+02  4.1695408344E-04

| GP model hyperparameters:
  1.1160628861E-01  1.4403970097E+00  1.4725022355E+00  1.8465450527E+00  1.3513279313E+00  1.3178303130E+00  1.3783757711E-01
| Next sampling location x_next:
  1.8977300390E+02  2.7760342263E+01  3.1802943156E+01  3.7507450837E-01  3.9609932265E-01  2.8249461035E+00

Iteration time [s]:    3.960        Total time [s]:   24.067

--------------------------------------------------------------------------------
                                 BO ITERATION 5                                 
--------------------------------------------------------------------------------
| Evaluating objective function at x = 1.898E+02 3.322E+02 3.282E+02 1.249E-01 3.961E-01 2.825E+00
| Evaluating objective function at x = 1.702E+02 2.776E+01 3.282E+02 3.751E-01 1.039E-01 2.825E+00
| Evaluating objective function at x = 9.773E+00 1.522E+02 2.118E+02 3.751E-01 3.961E-01 2.825E+00
| Evaluating objective function at x = 9.773E+00 1.522E+02 1.218E+02 3.961E-01 1.249E-01 2.825E+00
| Objective function evaluated, time [s] 0.1937084197998047
| Data point added to dataset (x y): 
  1.8977300000E+02  3.3224000000E+02  3.2819700000E+02  1.2492549163E-01  3.9609932265E-01  2.8249461035E+00      -1.3356813810E-01
  1.7022700000E+02  2.7760000000E+01  3.2819700000E+02  3.7507450837E-01  1.0390067735E-01  2.8249461035E+00      -1.3356813810E-01
  9.7730000000E+00  1.5224000000E+02  2.1180300000E+02  3.7507450837E-01  3.9609932265E-01  2.8249461035E+00      -1.3356813810E-01
  9.7730000000E+00  1.5224000000E+02  1.2180300000E+02  3.9609932265E-01  1.2492549163E-01  2.8249461035E+00      -1.3356813810E-01

| Total ensemble size: 60
| Best acquisition, x_best y_best:
  1.8641500000E+02  3.5146000000E+02  7.6590000000E+00  3.6845171525E-01  3.6256486062E-01  2.8221644610E+00      -1.4399443671E-01
| Global minimum prediction, x_glmin mu_glmin +- nu_glmin:
  1.8641516852E+02  3.5146008052E+02  7.6591603729E+00  3.7717713821E-01  4.0350556704E-01  2.8224009394E+00      -1.5472510562E-01  1.4415186086E-03
| Global minimum convergence, dx_glmin dmu_glmin:
  2.8608432729E+01  1.9888855893E-03

| GP model hyperparameters:
  1.0654300467E-01  1.5252858488E+00  1.5734349447E+00  1.9589568170E+00  1.4493908934E+00  1.3932967705E+00  1.3906170943E-01
| Next sampling location x_next:
  3.1693297248E+02  1.9422569049E+02  1.6498683410E+02  1.2614157046E-01  3.7240965316E-01  2.8289058925E+00

Iteration time [s]:    3.666        Total time [s]:   27.734

--------------------------------------------------------------------------------
                                 BO ITERATION 6                                 
--------------------------------------------------------------------------------
| Evaluating objective function at x = 1.369E+02 1.423E+01 1.501E+01 3.739E-01 3.724E-01 2.829E+00
| Evaluating objective function at x = 2.231E+02 3.458E+02 1.501E+01 1.261E-01 1.276E-01 2.829E+00
| Evaluating objective function at x = 3.169E+02 1.942E+02 1.650E+02 1.261E-01 3.724E-01 2.829E+00
| Evaluating objective function at x = 3.169E+02 1.942E+02 7.499E+01 3.724E-01 3.739E-01 2.829E+00
| Objective function evaluated, time [s] 0.14932632446289062
| Data point added to dataset (x y): 
  1.3693300000E+02  1.4226000000E+01  1.5013000000E+01  3.7385842954E-01  3.7240965316E-01  2.8289058925E+00      -1.7702338006E-02
  2.2306700000E+02  3.4577400000E+02  1.5013000000E+01  1.2614157046E-01  1.2759034684E-01  2.8289058925E+00      -1.7702338006E-02
  3.1693300000E+02  1.9422600000E+02  1.6498700000E+02  1.2614157046E-01  3.7240965316E-01  2.8289058925E+00      -1.7702338006E-02
  3.1693300000E+02  1.9422600000E+02  7.4987000000E+01  3.7240965316E-01  3.7385842954E-01  2.8289058925E+00      -1.7702338006E-02

| Total ensemble size: 64
| Best acquisition, x_best y_best:
  1.8641500000E+02  3.5146000000E+02  7.6590000000E+00  3.6845171525E-01  3.6256486062E-01  2.8221644610E+00      -1.4399443671E-01
| Global minimum prediction, x_glmin mu_glmin +- nu_glmin:
  1.9310544863E+02  6.8959941598E+01  4.1307761340E+00  1.5059082077E-01  3.1469196290E-01  2.8161992446E+00      -1.6456846965E-01  1.1705779293E-02
| Global minimum convergence, dx_glmin dmu_glmin:
  2.8260148107E+02  4.1878037478E-03

| GP model hyperparameters:
  1.1802663739E-01  1.1525976767E+00  1.3968116360E+00  1.8990965790E+00  1.4865178233E+00  1.4193816516E+00  1.3554766991E-01
| Next sampling location x_next:
  4.6111838210E+00  1.5708811171E+02  3.0681425126E+02  1.3158877951E-01  3.2850203326E-01  2.8176856957E+00

Iteration time [s]:    4.748        Total time [s]:   32.482

--------------------------------------------------------------------------------
                                 BO ITERATION 7                                 
--------------------------------------------------------------------------------
| Evaluating objective function at x = 1.846E+02 3.371E+02 2.332E+02 3.684E-01 3.285E-01 2.818E+00
| Evaluating objective function at x = 1.754E+02 2.291E+01 2.332E+02 1.316E-01 1.715E-01 2.818E+00
| Evaluating objective function at x = 4.611E+00 1.571E+02 3.068E+02 1.316E-01 3.285E-01 2.818E+00
| Evaluating objective function at x = 4.611E+00 1.571E+02 2.168E+02 3.285E-01 3.684E-01 2.818E+00
| Objective function evaluated, time [s] 0.18851161003112793
| Data point added to dataset (x y): 
  1.8461100000E+02  3.3708800000E+02  2.3318600000E+02  3.6841122049E-01  3.2850203326E-01  2.8176856957E+00      -1.2222538785E-01
  1.7538900000E+02  2.2912000000E+01  2.3318600000E+02  1.3158877951E-01  1.7149796674E-01  2.8176856957E+00      -1.2222538785E-01
  4.6110000000E+00  1.5708800000E+02  3.0681400000E+02  1.3158877951E-01  3.2850203326E-01  2.8176856957E+00      -1.2222538785E-01
  4.6110000000E+00  1.5708800000E+02  2.1681400000E+02  3.2850203326E-01  3.6841122049E-01  2.8176856957E+00      -1.2222538785E-01

| Total ensemble size: 68
| Best acquisition, x_best y_best:
  1.8641500000E+02  3.5146000000E+02  7.6590000000E+00  3.6845171525E-01  3.6256486062E-01  2.8221644610E+00      -1.4399443671E-01
| Global minimum prediction, x_glmin mu_glmin +- nu_glmin:
  1.7922156968E+02  5.6720637216E+01  1.1544348923E+02  1.6571278828E-01  3.0068210054E-01  2.8228457958E+00      -1.5600573836E-01  8.7566661040E-03
| Global minimum convergence, dx_glmin dmu_glmin:
  1.1284096433E+02  3.6429657662E-03

| GP model hyperparameters:
  1.1417546678E-01  1.1468824064E+00  1.4364030973E+00  2.0517453908E+00  1.6160412797E+00  1.4946020598E+00  1.3462510675E-01
| Next sampling location x_next:
  2.3725568855E+01  1.6960319019E+02  1.5497973654E+02  1.3940867801E-01  3.3632330367E-01  2.8267590059E+00

Iteration time [s]:    5.894        Total time [s]:   38.377

--------------------------------------------------------------------------------
                                 BO ITERATION 8                                 
--------------------------------------------------------------------------------
| Evaluating objective function at x = 2.037E+02 3.496E+02 2.502E+01 3.606E-01 3.363E-01 2.827E+00
| Evaluating objective function at x = 1.563E+02 1.040E+01 2.502E+01 1.394E-01 1.637E-01 2.827E+00
| Evaluating objective function at x = 2.373E+01 1.696E+02 1.550E+02 1.394E-01 3.363E-01 2.827E+00
| Evaluating objective function at x = 2.373E+01 1.696E+02 6.498E+01 3.363E-01 3.606E-01 2.827E+00
| Objective function evaluated, time [s] 0.2464432716369629
| Data point added to dataset (x y): 
  2.0372600000E+02  3.4960300000E+02  2.5020000000E+01  3.6059132199E-01  3.3632330367E-01  2.8267590059E+00      -1.0678837842E-01
  1.5627400000E+02  1.0397000000E+01  2.5020000000E+01  1.3940867801E-01  1.6367669633E-01  2.8267590059E+00      -1.0678837842E-01
  2.3726000000E+01  1.6960300000E+02  1.5498000000E+02  1.3940867801E-01  3.3632330367E-01  2.8267590059E+00      -1.0678837842E-01
  2.3726000000E+01  1.6960300000E+02  6.4980000000E+01  3.3632330367E-01  3.6059132199E-01  2.8267590059E+00      -1.0678837842E-01

| Total ensemble size: 72
| Best acquisition, x_best y_best:
  1.8641500000E+02  3.5146000000E+02  7.6590000000E+00  3.6845171525E-01  3.6256486062E-01  2.8221644610E+00      -1.4399443671E-01
| Global minimum prediction, x_glmin mu_glmin +- nu_glmin:
  1.8641388570E+02  3.5145963842E+02  7.6583183532E+00  4.1091297713E-01  4.8968230414E-01  2.7982627897E+00      -1.8804746859E-01  5.1823321131E-03
| Global minimum convergence, dx_glmin dmu_glmin:
  3.1391168782E+02  1.3631973539E-02

| GP model hyperparameters:
  1.1679660712E-01  1.0612776021E+00  1.5157460230E+00  2.0908811432E+00  1.7711726915E+00  1.6531724960E+00  1.3013123054E-01
| Next sampling location x_next:
  1.7745106815E+02  5.7944784996E+01  1.2464265032E+02  1.8388515776E-01  3.7869004070E-02  2.8110400696E+00

Iteration time [s]:    6.761        Total time [s]:   45.138

--------------------------------------------------------------------------------
                                 BO ITERATION 9                                 
--------------------------------------------------------------------------------
| Evaluating objective function at x = 1.775E+02 3.021E+02 2.354E+02 3.161E-01 3.787E-02 2.811E+00
| Evaluating objective function at x = 1.825E+02 5.795E+01 2.354E+02 1.839E-01 4.621E-01 2.811E+00
| Evaluating objective function at x = 3.575E+02 1.221E+02 3.046E+02 1.839E-01 3.787E-02 2.811E+00
| Evaluating objective function at x = 3.575E+02 1.221E+02 2.146E+02 3.787E-02 3.161E-01 2.811E+00
| Objective function evaluated, time [s] 0.23576045036315918
| Data point added to dataset (x y): 
  1.7745100000E+02  3.0205500000E+02  2.3535700000E+02  3.1611484224E-01  3.7869004070E-02  2.8110400696E+00      -8.4062710068E-02
  1.8254900000E+02  5.7945000000E+01  2.3535700000E+02  1.8388515776E-01  4.6213099593E-01  2.8110400696E+00      -8.4062710068E-02
  3.5745100000E+02  1.2205500000E+02  3.0464300000E+02  1.8388515776E-01  3.7869004070E-02  2.8110400696E+00      -8.4062710068E-02
  3.5745100000E+02  1.2205500000E+02  2.1464300000E+02  3.7869004070E-02  3.1611484224E-01  2.8110400696E+00      -8.4062710068E-02

| Total ensemble size: 76
| Best acquisition, x_best y_best:
  1.8641500000E+02  3.5146000000E+02  7.6590000000E+00  3.6845171525E-01  3.6256486062E-01  2.8221644610E+00      -1.4399443671E-01
| Global minimum prediction, x_glmin mu_glmin +- nu_glmin:
  1.8641459410E+02  3.5145984950E+02  7.6587391276E+00  4.9274551226E-01  5.0000000000E-01  2.7892836428E+00      -1.9774259481E-01  7.6711427083E-03
| Global minimum convergence, dx_glmin dmu_glmin:
  8.2972086674E-02  4.1247368089E-03

| GP model hyperparameters:
  1.1550534170E-01  1.0669752709E+00  1.5421503620E+00  2.1193444351E+00  1.8583264020E+00  1.7017884045E+00  1.3032917455E-01
| Next sampling location x_next:
  1.8121506483E+02  0.0000000000E+00  5.6691711463E-01  5.0000000000E-01  5.0000000000E-01  2.7891529104E+00

Iteration time [s]:    8.327        Total time [s]:   53.465

--------------------------------------------------------------------------------
                                BO ITERATION 10                                 
--------------------------------------------------------------------------------
| Evaluating objective function at x = 1.788E+02 0.000E+00 2.706E+02 5.000E-01 5.000E-01 2.789E+00
| Evaluating objective function at x = 1.812E+02 0.000E+00 2.706E+02 0.000E+00 0.000E+00 2.789E+00
| Evaluating objective function at x = 1.788E+02 3.600E+02 2.694E+02 0.000E+00 5.000E-01 2.789E+00
| Evaluating objective function at x = 1.215E+00 1.800E+02 5.670E-01 5.000E-01 0.000E+00 2.789E+00
| Objective function evaluated, time [s] 0.5643117427825928
| Data point added to dataset (x y): 
  1.7878500000E+02  0.0000000000E+00  2.7056700000E+02  5.0000000000E-01  5.0000000000E-01  2.7891529104E+00      -2.1963897798E-01
  1.8121500000E+02  0.0000000000E+00  2.7056700000E+02  0.0000000000E+00  0.0000000000E+00  2.7891529104E+00      -2.1963897798E-01
  1.7878500000E+02  3.6000000000E+02  2.6943300000E+02  0.0000000000E+00  5.0000000000E-01  2.7891529104E+00      -2.1963897798E-01
  1.2150000000E+00  1.8000000000E+02  5.6700000000E-01  5.0000000000E-01  0.0000000000E+00  2.7891529104E+00      -2.1963897798E-01

| Total ensemble size: 80
| Best acquisition, x_best y_best:
  1.7878500000E+02  0.0000000000E+00  2.7056700000E+02  5.0000000000E-01  5.0000000000E-01  2.7891529104E+00      -2.1963897798E-01
| Global minimum prediction, x_glmin mu_glmin +- nu_glmin:
  1.7226858109E+02  1.3445680210E+00  8.3725814639E+01  4.9690451694E-01  5.0000000000E-01  2.7843443985E+00      -2.3028302113E-01  4.7632358801E-03
| Global minimum convergence, dx_glmin dmu_glmin:
  3.5856243532E+02  1.3412492839E-02

| GP model hyperparameters:
  1.1515423705E-01  1.0749282252E+00  1.5857978126E+00  2.2806198049E+00  1.9479486632E+00  1.7821141452E+00  1.2891125939E-01
| Next sampling location x_next:
  5.1741457533E+00  1.7362598503E+02  6.7782950974E+01  0.0000000000E+00  0.0000000000E+00  2.7855996574E+00

Iteration time [s]:    6.964        Total time [s]:   60.429
